Microchip MPLAB XC8 Compiler V2.40

Linker command line:

-W-3 \
  --edf=C:\Program Files\Microchip\xc8\v2.40\pic\dat\20220703182018_en.msgs \
  -cn -h+dist/default/production\INTERRUPCIONES.X.production.sym \
  --cmf=dist/default/production\INTERRUPCIONES.X.production.cmf -z \
  -Q16F1827 -oC:\Users\AULASI~1\AppData\Local\Temp\xcAsf7o.4 \
  --defsym=__MPLAB_BUILD=1 --fixupoverflow=error \
  -Mdist/default/production/INTERRUPCIONES.X.production.map \
  --md=C:\Users\AULASI~1\AppData\Local\Temp\xcAsf7o.dat -E1 \
  -ver=XC8 Compiler --acfsm=1493 -ACODE=00h-07FFhx2 -ASTRCODE=00h-0FFFh \
  -ASTRING=00h-0FFhx16 -ACONST=00h-0FFhx16 -AENTRY=00h-0FFhx16 \
  -ACOMMON=070h-07Fh -ABANK0=020h-06Fh -ABANK1=0A0h-0EFh \
  -ABANK2=0120h-016Fh -ABANK3=01A0h-01EFh -ABANK4=0220h-024Fh \
  -ABIGRAM=02000h-0216Fh \
  -ARAM=020h-06Fh,0A0h-0EFh,0120h-016Fh,01A0h-01EFh,0220h-024Fh \
  -AABS1=020h-07Fh,0A0h-0EFh,0120h-016Fh,01A0h-01EFh,0220h-024Fh \
  -ASFR0=00h-01Fh -ASFR1=080h-09Fh -ASFR2=0100h-011Fh -ASFR3=0180h-019Fh \
  -ASFR4=0200h-021Fh -ASFR5=0280h-02EFh -ASFR6=0300h-036Fh \
  -ASFR7=0380h-03EFh -ASFR8=0400h-046Fh -ASFR9=0480h-04EFh \
  -ASFR10=0500h-056Fh -ASFR11=0580h-05EFh -ASFR12=0600h-066Fh \
  -ASFR13=0680h-06EFh -ASFR14=0700h-076Fh -ASFR15=0780h-07EFh \
  -ASFR16=0800h-086Fh -ASFR17=0880h-08EFh -ASFR18=0900h-096Fh \
  -ASFR19=0980h-09EFh -ASFR20=0A00h-0A6Fh -ASFR21=0A80h-0AEFh \
  -ASFR22=0B00h-0B6Fh -ASFR23=0B80h-0BEFh -ASFR24=0C00h-0C6Fh \
  -ASFR25=0C80h-0CEFh -ASFR26=0D00h-0D6Fh -ASFR27=0D80h-0DEFh \
  -ASFR28=0E00h-0E6Fh -ASFR29=0E80h-0EEFh -ASFR30=0F00h-0F6Fh \
  -ASFR31=0F80h-0FEFh -ACONFIG=08007h-08008h -DCONFIG=2 \
  -AIDLOC=08000h-08003h -DIDLOC=2 -AEEDATA=00h-0FFh/0F000h \
  -peeprom_data=EEDATA -DEEDATA=2 -DCODE=2 -DSTRCODE=2 -DSTRING=2 -DCONST=2 \
  -DENTRY=2 -preset_vec=00h,intentry=04h,init,end_init -ppowerup=CODE \
  -pcinit=CODE -pfunctab=ENTRY -k \
  C:\Users\AULASI~1\AppData\Local\Temp\xcAsf7o.o \
  dist/default/production\INTERRUPCIONES.X.production.o 

Object code version is 3.11

Machine type is 16F1827



                Name                               Link     Load   Length Selector   Space Scale
C:\Users\AULASI~1\AppData\Local\Temp\xcAsf7o.o
                end_init                             28       28        2        8       0
                reset_vec                             0        0        2        0       0
                config                             8007     8007        2        0       4
                idloc                              8000     8000        4        0       5
dist/default/production\INTERRUPCIONES.X.production.o
                cinit                                2A       2A       10        8       0
                intentry                              4        4       24        8       0
                config                             8007     8007        2        0       4
                idloc                              8000     8000        4        0       5
                text44                              B44      B44        4     1688       0
                text43                                3        3        1        6       0
                text42                              BB0      BB0        F     1760       0
                text41                              B48      B48        4     1690       0
                text40                              7FF      7FF        1        8       0
                text39                              BBF      BBF        F     177E       0
                text37                              481      481      1AA        8       0
                text36                              CA6      CA6       23     194C       0
                text35                               3A       3A      23B        8       0
                text34                              275      275      20C        8       0
                text33                              C43      C43       20     1886       0
                text32                              D5D      D5D       71     1ABA       0
                text31                              F56      F56       AA     1EAC       0
                text30                              62B      62B      190        8       0
                text29                              B54      B54        6     16A8       0
                text28                              B78      B78        7     16F0       0
                text27                              B41      B41        3     1682       0
                text26                              BCE      BCE        F     179C       0
                text25                              B5A      B5A        6     16B4       0
                text24                              BDD      BDD       10     17BA       0
                text23                              B60      B60        6     16C0       0
                text22                              B66      B66        6     16CC       0
                text21                              B6C      B6C        6     16D8       0
                text20                              C84      C84       22     1908       0
                text19                              B4C      B4C        4     1698       0
                text18                              B7F      B7F        7     16FE       0
                text17                              BFF      BFF       16     17FE       0
                text16                              B72      B72        6     16E4       0
                text15                              BED      BED       12     17DA       0
                text14                              B50      B50        4     16A0       0
                text13                              C15      C15       16     182A       0
                text12                              B8E      B8E        A     171C       0
                text11                              B86      B86        8     170C       0
                text10                              7E1      7E1       1E        8       0
                text9                               CC9      CC9       4A     1992       0
                text8                               B98      B98        A     1730       0
                text7                               C2B      C2B       18     1856       0
                text6                               C63      C63       21     18C6       0
                text5                               7BB      7BB       26        8       0
                text4                               D13      D13       4A     1A26       0
                text3                               E4B      E4B       81     1C96       0
                text2                               DCE      DCE       7D     1B9C       0
                text1                               BA2      BA2        E     1744       0
                maintext                            ECC      ECC       8A     1D98       0
                cstackBANK0                          20       20       50       20       1
                cstackCOMMON                         70       70        E       70       1
                cstackBANK1                          A0       A0       24       A0       1
                bssBANK1                             C4       C4        B       A0       1
                nvBANK1                              CF       CF        A       A0       1

TOTAL           Name                               Link     Load   Length     Space
        CLASS   CODE           
                end_init                             28       28        2         0
                cinit                                2A       2A       10         0
                intentry                              4        4       24         0
                reset_vec                             0        0        2         0
                text44                              B44      B44        4         0
                text43                                3        3        1         0
                text42                              BB0      BB0        F         0
                text41                              B48      B48        4         0
                text40                              7FF      7FF        1         0
                text39                              BBF      BBF        F         0
                text37                              481      481      1AA         0
                text36                              CA6      CA6       23         0
                text35                               3A       3A      23B         0
                text34                              275      275      20C         0
                text33                              C43      C43       20         0
                text32                              D5D      D5D       71         0
                text31                              F56      F56       AA         0
                text30                              62B      62B      190         0
                text29                              B54      B54        6         0
                text28                              B78      B78        7         0
                text27                              B41      B41        3         0
                text26                              BCE      BCE        F         0
                text25                              B5A      B5A        6         0
                text24                              BDD      BDD       10         0
                text23                              B60      B60        6         0
                text22                              B66      B66        6         0
                text21                              B6C      B6C        6         0
                text20                              C84      C84       22         0
                text19                              B4C      B4C        4         0
                text18                              B7F      B7F        7         0
                text17                              BFF      BFF       16         0
                text16                              B72      B72        6         0
                text15                              BED      BED       12         0
                text14                              B50      B50        4         0
                text13                              C15      C15       16         0
                text12                              B8E      B8E        A         0
                text11                              B86      B86        8         0
                text10                              7E1      7E1       1E         0
                text9                               CC9      CC9       4A         0
                text8                               B98      B98        A         0
                text7                               C2B      C2B       18         0
                text6                               C63      C63       21         0
                text5                               7BB      7BB       26         0
                text4                               D13      D13       4A         0
                text3                               E4B      E4B       81         0
                text2                               DCE      DCE       7D         0
                text1                               BA2      BA2        E         0
                maintext                            ECC      ECC       8A         0

        CLASS   STRCODE        

        CLASS   STRING         

        CLASS   CONST          

        CLASS   ENTRY          

        CLASS   COMMON         
                cstackCOMMON                         70       70        E         1

        CLASS   BANK0          
                cstackBANK0                          20       20       50         1

        CLASS   BANK1          
                cstackBANK1                          A0       A0       24         1
                bssBANK1                             C4       C4        B         1
                nvBANK1                              CF       CF        A         1

        CLASS   BANK2          

        CLASS   BANK3          

        CLASS   BANK4          

        CLASS   BIGRAM         

        CLASS   RAM            

        CLASS   ABS1           
                abs_s1                               7E       7E        2         1

        CLASS   SFR0           

        CLASS   SFR1           

        CLASS   SFR2           

        CLASS   SFR3           

        CLASS   SFR4           

        CLASS   SFR5           

        CLASS   SFR6           

        CLASS   SFR7           

        CLASS   SFR8           

        CLASS   SFR9           

        CLASS   SFR10          

        CLASS   SFR11          

        CLASS   SFR12          

        CLASS   SFR13          

        CLASS   SFR14          

        CLASS   SFR15          

        CLASS   SFR16          

        CLASS   SFR17          

        CLASS   SFR18          

        CLASS   SFR19          

        CLASS   SFR20          

        CLASS   SFR21          

        CLASS   SFR22          

        CLASS   SFR23          

        CLASS   SFR24          

        CLASS   SFR25          

        CLASS   SFR26          

        CLASS   SFR27          

        CLASS   SFR28          

        CLASS   SFR29          

        CLASS   SFR30          

        CLASS   SFR31          

        CLASS   CONFIG         
                config                             8007     8007        2         4

        CLASS   IDLOC          
                idloc                              8000     8000        4         5

        CLASS   EEDATA         

        CLASS   BANK31         

        CLASS   BANK30         

        CLASS   BANK29         

        CLASS   BANK28         

        CLASS   BANK27         

        CLASS   BANK26         

        CLASS   BANK25         

        CLASS   BANK24         

        CLASS   BANK23         

        CLASS   BANK22         

        CLASS   BANK21         

        CLASS   BANK20         

        CLASS   BANK19         

        CLASS   BANK18         

        CLASS   BANK17         

        CLASS   BANK16         

        CLASS   BANK15         

        CLASS   BANK14         

        CLASS   BANK13         

        CLASS   BANK12         

        CLASS   BANK11         

        CLASS   BANK10         

        CLASS   BANK9          

        CLASS   BANK8          

        CLASS   BANK7          

        CLASS   BANK6          

        CLASS   BANK5          

        CLASS   HEAP           

        CLASS   STACK          



SEGMENTS        Name                           Load    Length   Top    Selector   Space  Class     Delta

                reset_vec                      000000  000002  000002         0       0  CODE        2
                text43                         000003  000001  000004         6       0  CODE        2
                intentry                       000004  0007FC  000800         8       0  CODE        2
                cstackBANK0                    000020  000050  000070        20       1  BANK0       1
                cstackCOMMON                   000070  00000E  00007E        70       1  COMMON      1
                cstackBANK1                    0000A0  000039  0000D9        A0       1  BANK1       1
                text27                         000B41  000003  000B44      1682       0  CODE        2
                text44                         000B44  000004  000B48      1688       0  CODE        2
                text41                         000B48  000004  000B4C      1690       0  CODE        2
                text19                         000B4C  000004  000B50      1698       0  CODE        2
                text14                         000B50  000004  000B54      16A0       0  CODE        2
                text29                         000B54  000006  000B5A      16A8       0  CODE        2
                text25                         000B5A  000006  000B60      16B4       0  CODE        2
                text23                         000B60  000006  000B66      16C0       0  CODE        2
                text22                         000B66  000006  000B6C      16CC       0  CODE        2
                text21                         000B6C  000006  000B72      16D8       0  CODE        2
                text16                         000B72  000006  000B78      16E4       0  CODE        2
                text28                         000B78  000007  000B7F      16F0       0  CODE        2
                text18                         000B7F  000007  000B86      16FE       0  CODE        2
                text11                         000B86  000008  000B8E      170C       0  CODE        2
                text12                         000B8E  00000A  000B98      171C       0  CODE        2
                text8                          000B98  00000A  000BA2      1730       0  CODE        2
                text1                          000BA2  00000E  000BB0      1744       0  CODE        2
                text42                         000BB0  00000F  000BBF      1760       0  CODE        2
                text39                         000BBF  00000F  000BCE      177E       0  CODE        2
                text26                         000BCE  00000F  000BDD      179C       0  CODE        2
                text24                         000BDD  000010  000BED      17BA       0  CODE        2
                text15                         000BED  000012  000BFF      17DA       0  CODE        2
                text17                         000BFF  000016  000C15      17FE       0  CODE        2
                text13                         000C15  000016  000C2B      182A       0  CODE        2
                text7                          000C2B  000018  000C43      1856       0  CODE        2
                text33                         000C43  000020  000C63      1886       0  CODE        2
                text6                          000C63  000021  000C84      18C6       0  CODE        2
                text20                         000C84  000022  000CA6      1908       0  CODE        2
                text36                         000CA6  000023  000CC9      194C       0  CODE        2
                text9                          000CC9  00004A  000D13      1992       0  CODE        2
                text4                          000D13  00004A  000D5D      1A26       0  CODE        2
                text32                         000D5D  000071  000DCE      1ABA       0  CODE        2
                text2                          000DCE  00007D  000E4B      1B9C       0  CODE        2
                text3                          000E4B  000081  000ECC      1C96       0  CODE        2
                maintext                       000ECC  00008A  000F56      1D98       0  CODE        2
                text31                         000F56  0000AA  001000      1EAC       0  CODE        2


UNUSED ADDRESS RANGES

        Name                Unused          Largest block    Delta
        BANK1            000D9-000EF              17           1
        BANK2            00120-0016F              50           1
        BANK3            001A0-001EF              50           1
        BANK4            00220-0024F              30           1
        BIGRAM           02000-0216F             170           1
        CODE             00002-00002               1           2
                         00800-00B40             341
        CONST            00002-00002               1           2
                         00800-00B40             100
        EEDATA           0F000-0F0FF             100           2
        ENTRY            00002-00002               1           2
                         00800-00B40             100
        RAM              000D9-000EF              17           1
                         00120-0016F              50
                         001A0-001EF              50
                         00220-0024F              30
        SFR0             00000-0001F              20           1
        SFR1             00080-0009F              20           1
        SFR10            00500-0056F              70           1
        SFR11            00580-005EF              70           1
        SFR12            00600-0066F              70           1
        SFR13            00680-006EF              70           1
        SFR14            00700-0076F              70           1
        SFR15            00780-007EF              70           1
        SFR16            00800-0086F              70           1
        SFR17            00880-008EF              70           1
        SFR18            00900-0096F              70           1
        SFR19            00980-009EF              70           1
        SFR2             00100-0011F              20           1
        SFR20            00A00-00A6F              70           1
        SFR21            00A80-00AEF              70           1
        SFR22            00B00-00B6F              70           1
        SFR23            00B80-00BEF              70           1
        SFR24            00C00-00C6F              70           1
        SFR25            00C80-00CEF              70           1
        SFR26            00D00-00D6F              70           1
        SFR27            00D80-00DEF              70           1
        SFR28            00E00-00E6F              70           1
        SFR29            00E80-00EEF              70           1
        SFR3             00180-0019F              20           1
        SFR30            00F00-00F6F              70           1
        SFR31            00F80-00FEF              70           1
        SFR4             00200-0021F              20           1
        SFR5             00280-002EF              70           1
        SFR6             00300-0036F              70           1
        SFR7             00380-003EF              70           1
        SFR8             00400-0046F              70           1
        SFR9             00480-004EF              70           1
        STRCODE          00002-00002               1           2
                         00800-00B40             341
        STRING           00002-00002               1           2
                         00800-00B40             100

                                  Symbol Table

?_ADC_GetConversionResult                      cstackCOMMON 00070
?__Umul8_16                                    cstackCOMMON 00070
?___fladd                                      cstackCOMMON 00070
?___fldiv                                      cstackBANK0  0004A
?___flmul                                      cstackBANK0  00030
?___flsub                                      cstackBANK0  00028
?___fltol                                      cstackBANK0  00064
?___xxtofl                                     cstackCOMMON 00070
ADC2Display@adcVal                             cstackBANK0  0006E
ADC2Display@aux                                cstackBANK1  000A8
ADC2Display@dis                                cstackBANK1  000AD
ADC2Display@voltios                            cstackBANK1  000A9
ADC_SetInterruptHandler@InterruptHandler       cstackCOMMON 00070
EUSART_SetErrorHandler@interruptHandler        cstackCOMMON 00070
EUSART_SetFramingErrorHandler@interruptHandler cstackCOMMON 00070
EUSART_SetOverrunErrorHandler@interruptHandler cstackCOMMON 00070
EUSART_Write@txData                            cstackCOMMON 00070
Prender_seg@caracter                           cstackCOMMON 00070
TMR2_SetInterruptHandler@InterruptHandler      cstackCOMMON 00070
Tm_Baje_periodico@ctp                          cstackCOMMON 00071
Tm_Hubo_periodico@ctp                          cstackCOMMON 00070
Tm_Inicie_periodico@ctp                        cstackCOMMON 00073
Tm_Inicie_periodico@periodo                    cstackCOMMON 00070
Tm_Procese_tiempo@ctp                          cstackCOMMON 00074
_ADC2Display                                   text30       0062B
_ADC2Display$1620                              cstackBANK1  000A4
_ADCON0                                        (abs)        0009D
_ADCON0bits                                    (abs)        0009D
_ADCON1                                        (abs)        0009E
_ADC_DefaultInterruptHandler                   text43       00003
_ADC_GetConversionResult                       text29       00B54
_ADC_ISR                                       text42       00BB0
_ADC_Initialize                                text24       00BDD
_ADC_InterruptHandler                          nvBANK1      000D1
_ADC_IsConversionDone                          text28       00B78
_ADC_SetInterruptHandler                       text25       00B5A
_ADC_StartConversion                           text27       00B41
_ADRESH                                        (abs)        0009C
_ADRESL                                        (abs)        0009B
_ANSELA                                        (abs)        0018C
_ANSELB                                        (abs)        0018D
_APFCON0                                       (abs)        0011D
_APFCON1                                       (abs)        0011E
_BAUDCON                                       (abs)        0019F
_BORCON                                        (abs)        00116
_EUSART_DefaultErrorHandler                    (abs)        00000
_EUSART_DefaultFramingErrorHandler             (abs)        00000
_EUSART_DefaultOverrunErrorHandler             (abs)        00000
_EUSART_ErrorHandler                           nvBANK1      000D3
_EUSART_FramingErrorHandler                    nvBANK1      000D7
_EUSART_Initialize                             text20       00C84
_EUSART_OverrunErrorHandler                    nvBANK1      000D5
_EUSART_SetErrorHandler                        text23       00B60
_EUSART_SetFramingErrorHandler                 text22       00B66
_EUSART_SetOverrunErrorHandler                 text21       00B6C
_EUSART_Write                                  text8        00B98
_EUSART_is_tx_ready                            text26       00BCE
_EUSART_is_tx_ready$254                        cstackCOMMON 00070
_FVRCON                                        (abs)        00117
_FVRCONbits                                    (abs)        00117
_FVR_Initialize                                text19       00B4C
_INTCONbits                                    (abs)        0000B
_INTERRUPT_InterruptManager                    intentry     00004
_LATA                                          (abs)        0010C
_LATAbits                                      (abs)        0010C
_LATB                                          (abs)        0010D
_LATBbits                                      (abs)        0010D
_OPTION_REGbits                                (abs)        00095
_OSCCON                                        (abs)        00099
_OSCILLATOR_Initialize                         text18       00B7F
_OSCTUNE                                       (abs)        00098
_PIE1bits                                      (abs)        00091
_PIN_MANAGER_Initialize                        text17       00BFF
_PIR1bits                                      (abs)        00011
_PR2                                           (abs)        0001B
_Prender_seg                                   text3        00E4B
_RCREG                                         (abs)        00199
_RCSTA                                         (abs)        0019D
_RCSTAbits                                     (abs)        0019D
_SPBRGH                                        (abs)        0019C
_SPBRGL                                        (abs)        0019B
_SYSTEM_Initialize                             text13       00C15
_T2CON                                         (abs)        0001C
_T2CONbits                                     (abs)        0001C
_TMR2                                          (abs)        0001A
_TMR2_DefaultInterruptHandler                  text40       007FF
_TMR2_ISR                                      text39       00BBF
_TMR2_Initialize                               text15       00BED
_TMR2_InterruptHandler                         nvBANK1      000CF
_TMR2_SetInterruptHandler                      text16       00B72
_TRISA                                         (abs)        0008C
_TRISB                                         (abs)        0008D
_TXREG                                         (abs)        0019A
_TXSTA                                         (abs)        0019E
_TXSTAbits                                     (abs)        0019E
_Tm_Baje_periodico                             text12       00B8E
_Tm_Hubo_periodico                             text11       00B86
_Tm_Inicie_periodico                           text10       007E1
_Tm_Procese_tiempo                             text9        00CC9
_VGAIT                                         bssBANK1     000CD
_VGAI_adc                                      bssBANK1     000CC
_ValADC                                        bssBANK1     000CA
_WDTCON                                        (abs)        00097
_WDT_Initialize                                text14       00B50
_WPUA                                          (abs)        0020C
_WPUB                                          (abs)        0020D
__Habs1                                        abs1         00000
__Hbank0                                       bank0        00000
__Hbank1                                       bank1        00000
__Hbank10                                      bank10       00000
__Hbank11                                      bank11       00000
__Hbank12                                      bank12       00000
__Hbank13                                      bank13       00000
__Hbank14                                      bank14       00000
__Hbank15                                      bank15       00000
__Hbank16                                      bank16       00000
__Hbank17                                      bank17       00000
__Hbank18                                      bank18       00000
__Hbank19                                      bank19       00000
__Hbank2                                       bank2        00000
__Hbank20                                      bank20       00000
__Hbank21                                      bank21       00000
__Hbank22                                      bank22       00000
__Hbank23                                      bank23       00000
__Hbank24                                      bank24       00000
__Hbank25                                      bank25       00000
__Hbank26                                      bank26       00000
__Hbank27                                      bank27       00000
__Hbank28                                      bank28       00000
__Hbank29                                      bank29       00000
__Hbank3                                       bank3        00000
__Hbank30                                      bank30       00000
__Hbank31                                      bank31       00000
__Hbank4                                       bank4        00000
__Hbank5                                       bank5        00000
__Hbank6                                       bank6        00000
__Hbank7                                       bank7        00000
__Hbank8                                       bank8        00000
__Hbank9                                       bank9        00000
__Hbigram                                      bigram       00000
__HbssBANK1                                    bssBANK1     00000
__Hcinit                                       cinit        0003A
__Hclrtext                                     clrtext      00000
__Hcode                                        code         00000
__Hcommon                                      common       00000
__Hconfig                                      config       08009
__HcstackBANK0                                 cstackBANK0  00000
__HcstackBANK1                                 cstackBANK1  00000
__HcstackCOMMON                                cstackCOMMON 00000
__Heeprom_data                                 eeprom_data  00000
__Hend_init                                    end_init     0002A
__Hfunctab                                     functab      00000
__Hheap                                        heap         00000
__Hidloc                                       idloc        08004
__Hinit                                        init         00028
__Hintentry                                    intentry     00028
__Hmaintext                                    maintext     00000
__HnvBANK1                                     nvBANK1      00000
__Hpowerup                                     powerup      00000
__Hram                                         ram          00000
__Hreset_vec                                   reset_vec    00002
__Hsfr0                                        sfr0         00000
__Hsfr1                                        sfr1         00000
__Hsfr10                                       sfr10        00000
__Hsfr11                                       sfr11        00000
__Hsfr12                                       sfr12        00000
__Hsfr13                                       sfr13        00000
__Hsfr14                                       sfr14        00000
__Hsfr15                                       sfr15        00000
__Hsfr16                                       sfr16        00000
__Hsfr17                                       sfr17        00000
__Hsfr18                                       sfr18        00000
__Hsfr19                                       sfr19        00000
__Hsfr2                                        sfr2         00000
__Hsfr20                                       sfr20        00000
__Hsfr21                                       sfr21        00000
__Hsfr22                                       sfr22        00000
__Hsfr23                                       sfr23        00000
__Hsfr24                                       sfr24        00000
__Hsfr25                                       sfr25        00000
__Hsfr26                                       sfr26        00000
__Hsfr27                                       sfr27        00000
__Hsfr28                                       sfr28        00000
__Hsfr29                                       sfr29        00000
__Hsfr3                                        sfr3         00000
__Hsfr30                                       sfr30        00000
__Hsfr31                                       sfr31        00000
__Hsfr4                                        sfr4         00000
__Hsfr5                                        sfr5         00000
__Hsfr6                                        sfr6         00000
__Hsfr7                                        sfr7         00000
__Hsfr8                                        sfr8         00000
__Hsfr9                                        sfr9         00000
__Hspace_0                                     (abs)        01000
__Hspace_1                                     (abs)        000D9
__Hspace_2                                     (abs)        00000
__Hspace_3                                     (abs)        00000
__Hspace_4                                     (abs)        10010
__Hstack                                       stack        00000
__Hstrings                                     strings      00000
__Htext                                        text         00000
__Labs1                                        abs1         00000
__Lbank0                                       bank0        00000
__Lbank1                                       bank1        00000
__Lbank10                                      bank10       00000
__Lbank11                                      bank11       00000
__Lbank12                                      bank12       00000
__Lbank13                                      bank13       00000
__Lbank14                                      bank14       00000
__Lbank15                                      bank15       00000
__Lbank16                                      bank16       00000
__Lbank17                                      bank17       00000
__Lbank18                                      bank18       00000
__Lbank19                                      bank19       00000
__Lbank2                                       bank2        00000
__Lbank20                                      bank20       00000
__Lbank21                                      bank21       00000
__Lbank22                                      bank22       00000
__Lbank23                                      bank23       00000
__Lbank24                                      bank24       00000
__Lbank25                                      bank25       00000
__Lbank26                                      bank26       00000
__Lbank27                                      bank27       00000
__Lbank28                                      bank28       00000
__Lbank29                                      bank29       00000
__Lbank3                                       bank3        00000
__Lbank30                                      bank30       00000
__Lbank31                                      bank31       00000
__Lbank4                                       bank4        00000
__Lbank5                                       bank5        00000
__Lbank6                                       bank6        00000
__Lbank7                                       bank7        00000
__Lbank8                                       bank8        00000
__Lbank9                                       bank9        00000
__Lbigram                                      bigram       00000
__LbssBANK1                                    bssBANK1     00000
__Lcinit                                       cinit        0002A
__Lclrtext                                     clrtext      00000
__Lcode                                        code         00000
__Lcommon                                      common       00000
__Lconfig                                      config       00000
__LcstackBANK0                                 cstackBANK0  00000
__LcstackBANK1                                 cstackBANK1  00000
__LcstackCOMMON                                cstackCOMMON 00000
__Leeprom_data                                 eeprom_data  00000
__Lend_init                                    end_init     00028
__Lfunctab                                     functab      00000
__Lheap                                        heap         00000
__Lidloc                                       idloc        00000
__Linit                                        init         00028
__Lintentry                                    intentry     00004
__Lmaintext                                    maintext     00000
__LnvBANK1                                     nvBANK1      00000
__Lpowerup                                     powerup      00000
__Lram                                         ram          00000
__Lreset_vec                                   reset_vec    00000
__Lsfr0                                        sfr0         00000
__Lsfr1                                        sfr1         00000
__Lsfr10                                       sfr10        00000
__Lsfr11                                       sfr11        00000
__Lsfr12                                       sfr12        00000
__Lsfr13                                       sfr13        00000
__Lsfr14                                       sfr14        00000
__Lsfr15                                       sfr15        00000
__Lsfr16                                       sfr16        00000
__Lsfr17                                       sfr17        00000
__Lsfr18                                       sfr18        00000
__Lsfr19                                       sfr19        00000
__Lsfr2                                        sfr2         00000
__Lsfr20                                       sfr20        00000
__Lsfr21                                       sfr21        00000
__Lsfr22                                       sfr22        00000
__Lsfr23                                       sfr23        00000
__Lsfr24                                       sfr24        00000
__Lsfr25                                       sfr25        00000
__Lsfr26                                       sfr26        00000
__Lsfr27                                       sfr27        00000
__Lsfr28                                       sfr28        00000
__Lsfr29                                       sfr29        00000
__Lsfr3                                        sfr3         00000
__Lsfr30                                       sfr30        00000
__Lsfr31                                       sfr31        00000
__Lsfr4                                        sfr4         00000
__Lsfr5                                        sfr5         00000
__Lsfr6                                        sfr6         00000
__Lsfr7                                        sfr7         00000
__Lsfr8                                        sfr8         00000
__Lsfr9                                        sfr9         00000
__Lspace_0                                     (abs)        00000
__Lspace_1                                     (abs)        00000
__Lspace_2                                     (abs)        00000
__Lspace_3                                     (abs)        00000
__Lspace_4                                     (abs)        00000
__Lstack                                       stack        00000
__Lstrings                                     strings      00000
__Ltext                                        text         00000
__S0                                           (abs)        01000
__S1                                           (abs)        000D9
__S3                                           (abs)        00000
__Umul8_16                                     text36       00CA6
__Umul8_16@multiplicand                        cstackCOMMON 00070
__Umul8_16@multiplier                          cstackCOMMON 00078
__Umul8_16@product                             cstackCOMMON 00074
__Umul8_16@word_mpld                           cstackCOMMON 00076
___fladd                                       text34       00275
___fladd@a                                     cstackCOMMON 00074
___fladd@aexp                                  cstackCOMMON 00079
___fladd@b                                     cstackCOMMON 00070
___fladd@bexp                                  cstackCOMMON 0007A
___fladd@grs                                   cstackCOMMON 0007B
___fladd@signs                                 cstackCOMMON 00078
___fldiv                                       text37       00481
___fldiv@a                                     cstackBANK0  0004A
___fldiv@aexp                                  cstackBANK0  00063
___fldiv@b                                     cstackBANK0  0004E
___fldiv@bexp                                  cstackBANK0  00062
___fldiv@grs                                   cstackBANK0  0005E
___fldiv@new_exp                               cstackBANK0  0005C
___fldiv@rem                                   cstackBANK0  00057
___fldiv@sign                                  cstackBANK0  0005B
___flmul                                       text35       0003A
___flmul@a                                     cstackBANK0  00034
___flmul@aexp                                  cstackBANK0  00042
___flmul@b                                     cstackBANK0  00030
___flmul@bexp                                  cstackBANK0  00043
___flmul@grs                                   cstackBANK0  0003E
___flmul@prod                                  cstackBANK0  00044
___flmul@sign                                  cstackBANK0  0003D
___flmul@temp                                  cstackBANK0  00048
___flsub                                       text33       00C43
___flsub@a                                     cstackBANK0  00028
___flsub@b                                     cstackBANK0  0002C
___fltol                                       text32       00D5D
___fltol@exp1                                  cstackBANK0  0006D
___fltol@f1                                    cstackBANK0  00064
___fltol@sign1                                 cstackBANK0  0006C
___heap_hi                                     (abs)        00000
___heap_lo                                     (abs)        00000
___int_sp                                      stack        00000
___latbits                                     (abs)        00001
___sp                                          stack        00000
___stackhi                                     (abs)        00000
___stacklo                                     (abs)        00000
___xxtofl                                      text31       00F56
___xxtofl@arg                                  cstackCOMMON 0007A
___xxtofl@exp                                  cstackCOMMON 00079
___xxtofl@sign                                 cstackCOMMON 00078
___xxtofl@val                                  cstackCOMMON 00070
__end_of_ADC2Display                           text30       007BB
__end_of_ADC_DefaultInterruptHandler           text43       00004
__end_of_ADC_GetConversionResult               text29       00B5A
__end_of_ADC_ISR                               text42       00BBF
__end_of_ADC_Initialize                        text24       00BED
__end_of_ADC_IsConversionDone                  text28       00B7F
__end_of_ADC_SetInterruptHandler               text25       00B60
__end_of_ADC_StartConversion                   text27       00B44
__end_of_EUSART_Initialize                     text20       00CA6
__end_of_EUSART_SetErrorHandler                text23       00B66
__end_of_EUSART_SetFramingErrorHandler         text22       00B6C
__end_of_EUSART_SetOverrunErrorHandler         text21       00B72
__end_of_EUSART_Write                          text8        00BA2
__end_of_EUSART_is_tx_ready                    text26       00BDD
__end_of_FVR_Initialize                        text19       00B50
__end_of_INTERRUPT_InterruptManager            intentry     00028
__end_of_OSCILLATOR_Initialize                 text18       00B86
__end_of_PIN_MANAGER_Initialize                text17       00C15
__end_of_Prender_seg                           text3        00ECC
__end_of_SYSTEM_Initialize                     text13       00C2B
__end_of_TMR2_DefaultInterruptHandler          text40       00800
__end_of_TMR2_ISR                              text39       00BCE
__end_of_TMR2_Initialize                       text15       00BFF
__end_of_TMR2_SetInterruptHandler              text16       00B78
__end_of_Tm_Baje_periodico                     text12       00B98
__end_of_Tm_Hubo_periodico                     text11       00B8E
__end_of_Tm_Inicie_periodico                   text10       007FF
__end_of_Tm_Procese_tiempo                     text9        00D13
__end_of_WDT_Initialize                        text14       00B54
__end_of__Umul8_16                             text36       00CC9
__end_of___fladd                               text34       00481
__end_of___fldiv                               text37       0062B
__end_of___flmul                               text35       00275
__end_of___flsub                               text33       00C63
__end_of___fltol                               text32       00DCE
__end_of___xxtofl                              text31       01000
__end_of__initialization                       cinit        00036
__end_of_enviarsiguiente_Dato                  text7        00C43
__end_of_inicializar_nuestro_Display           text6        00C84
__end_of_inicializar_nuestroserial             text5        007E1
__end_of_llenar_registros_del_Serial           text4        00D5D
__end_of_main                                  maintext     00F56
__end_of_miatencionadc                         text44       00B48
__end_of_miatenciontmr2                        text41       00B4C
__end_of_mostrar_Display                       text2        00E4B
__end_of_tengodatos_PorEnviar                  text1        00BB0
__initialization                               cinit        0002A
__pbssBANK1                                    bssBANK1     000C4
__pcstackBANK0                                 cstackBANK0  00020
__pcstackBANK1                                 cstackBANK1  000A0
__pcstackCOMMON                                cstackCOMMON 00070
__pintentry                                    intentry     00004
__pmaintext                                    maintext     00ECC
__pnvBANK1                                     nvBANK1      000CF
__ptext1                                       text1        00BA2
__ptext10                                      text10       007E1
__ptext11                                      text11       00B86
__ptext12                                      text12       00B8E
__ptext13                                      text13       00C15
__ptext14                                      text14       00B50
__ptext15                                      text15       00BED
__ptext16                                      text16       00B72
__ptext17                                      text17       00BFF
__ptext18                                      text18       00B7F
__ptext19                                      text19       00B4C
__ptext2                                       text2        00DCE
__ptext20                                      text20       00C84
__ptext21                                      text21       00B6C
__ptext22                                      text22       00B66
__ptext23                                      text23       00B60
__ptext24                                      text24       00BDD
__ptext25                                      text25       00B5A
__ptext26                                      text26       00BCE
__ptext27                                      text27       00B41
__ptext28                                      text28       00B78
__ptext29                                      text29       00B54
__ptext3                                       text3        00E4B
__ptext30                                      text30       0062B
__ptext31                                      text31       00F56
__ptext32                                      text32       00D5D
__ptext33                                      text33       00C43
__ptext34                                      text34       00275
__ptext35                                      text35       0003A
__ptext36                                      text36       00CA6
__ptext37                                      text37       00481
__ptext39                                      text39       00BBF
__ptext4                                       text4        00D13
__ptext40                                      text40       007FF
__ptext41                                      text41       00B48
__ptext42                                      text42       00BB0
__ptext43                                      text43       00003
__ptext44                                      text44       00B44
__ptext5                                       text5        007BB
__ptext6                                       text6        00C63
__ptext7                                       text7        00C2B
__ptext8                                       text8        00B98
__ptext9                                       text9        00CC9
_datoadc                                       bssBANK1     000C8
_enviarsiguiente_Dato                          text7        00C2B
_eusartRxLastError                             bssBANK1     000CE
_inicializar_nuestro_Display                   text6        00C63
_inicializar_nuestroserial                     text5        007BB
_llenar_registros_del_Serial                   text4        00D13
_main                                          maintext     00ECC
_miatencionadc                                 text44       00B44
_miatenciontmr2                                text41       00B48
_mostrar_Display                               text2        00DCE
_tengodatos_PorEnviar                          text1        00BA2
btemp                                          (abs)        0007E
end_of_initialization                          cinit        00036
enviarsiguiente_Dato@ser                       cstackCOMMON 00072
inicializar_nuestro_Display@dis                cstackCOMMON 00070
inicializar_nuestroserial@ser                  cstackCOMMON 00071
int$flags                                      (abs)        0007E
intlevel0                                      functab      00000
intlevel1                                      functab      00000
intlevel2                                      functab      00000
intlevel3                                      functab      00000
intlevel4                                      functab      00000
intlevel5                                      functab      00000
llenar_registros_del_Serial@Dig1               cstackCOMMON 00070
llenar_registros_del_Serial@Dig2               cstackCOMMON 00071
llenar_registros_del_Serial@Dig3               cstackCOMMON 00072
llenar_registros_del_Serial@ser                cstackCOMMON 00073
main@miDisplay                                 cstackBANK1  000BF
main@miserial                                  cstackBANK1  000B5
main@timer_ADC                                 cstackBANK1  000AE
mostrar_Display@caracter                       cstackCOMMON 00072
mostrar_Display@dis                            cstackCOMMON 00076
reset_vec                                      reset_vec    00000
start                                          init         00028
start_initialization                           cinit        0002A
tengodatos_PorEnviar@ser                       cstackCOMMON 00070
wtemp0                                         (abs)        0007E


MODULE INFORMATION

Module		Function		Class		Link	Load	Size
C:\Program Files\Microchip\xc8\v2.40\pic\sources\c99\common\sprcmul.c
		___flmul       		CODE           	003A	0000	571

C:\Program Files\Microchip\xc8\v2.40\pic\sources\c99\common\sprcmul.c estimated size: 571

nuestrodisplay.c
		_inicializar_nuestro_Display		CODE           	0C63	0000	33
		_ADC2Display   		CODE           	062B	0000	400
		_mostrar_Display		CODE           	0DCE	0000	125
		_Prender_seg   		CODE           	0E4B	0000	129

nuestrodisplay.c estimated size: 687

C:\Program Files\Microchip\xc8\v2.40\pic\sources\c99\common\sprcdiv.c
		___fldiv       		CODE           	0481	0000	426

C:\Program Files\Microchip\xc8\v2.40\pic\sources\c99\common\sprcdiv.c estimated size: 426

mcc_generated_files/fvr.c
		_FVR_Initialize		CODE           	0B4C	0000	4

mcc_generated_files/fvr.c estimated size: 4

C:\Program Files\Microchip\xc8\v2.40\pic\sources\c99\common\fltol.c
		___fltol       		CODE           	0D5D	0000	113

C:\Program Files\Microchip\xc8\v2.40\pic\sources\c99\common\fltol.c estimated size: 113

mcc_generated_files/tmr2.c
		_TMR2_ISR      		CODE           	0BBF	0000	15
		_TMR2_Initialize		CODE           	0BED	0000	18
		_TMR2_SetInterruptHandler		CODE           	0B72	0000	6
		_TMR2_DefaultInterruptHandler		CODE           	07FF	0000	1

mcc_generated_files/tmr2.c estimated size: 40

mcc_generated_files/interrupt_manager.c
		_INTERRUPT_InterruptManager		CODE           	0004	0000	36

mcc_generated_files/interrupt_manager.c estimated size: 36

mcc_generated_files/pin_manager.c
		_PIN_MANAGER_Initialize		CODE           	0BFF	0000	22

mcc_generated_files/pin_manager.c estimated size: 22

C:\Program Files\Microchip\xc8\v2.40\pic\sources\c99\common\sprcadd.c
		___flsub       		CODE           	0C43	0000	32
		___fladd       		CODE           	0275	0000	524

C:\Program Files\Microchip\xc8\v2.40\pic\sources\c99\common\sprcadd.c estimated size: 556

nuestroserial.c
		_llenar_registros_del_Serial		CODE           	0D13	0000	74
		_enviarsiguiente_Dato		CODE           	0C2B	0000	24
		_inicializar_nuestroserial		CODE           	07BB	0000	38
		_tengodatos_PorEnviar		CODE           	0BA2	0000	14

nuestroserial.c estimated size: 150

mcc_generated_files/adc.c
		_ADC_DefaultInterruptHandler		CODE           	0003	0000	1
		_ADC_Initialize		CODE           	0BDD	0000	16
		_ADC_IsConversionDone		CODE           	0B78	0000	7
		_ADC_SetInterruptHandler		CODE           	0B5A	0000	6
		_ADC_GetConversionResult		CODE           	0B54	0000	6
		_ADC_StartConversion		CODE           	0B41	0000	3
		_ADC_ISR       		CODE           	0BB0	0000	15

mcc_generated_files/adc.c estimated size: 54

nuestrostimers.c
		_Tm_Hubo_periodico		CODE           	0B86	0000	8
		_Tm_Procese_tiempo		CODE           	0CC9	0000	74
		_Tm_Inicie_periodico		CODE           	07E1	0000	30
		_Tm_Baje_periodico		CODE           	0B8E	0000	10

nuestrostimers.c estimated size: 122

C:\Program Files\Microchip\xc8\v2.40\pic\sources\c99\common\xxtofl.c
		___xxtofl      		CODE           	0F56	0000	170

C:\Program Files\Microchip\xc8\v2.40\pic\sources\c99\common\xxtofl.c estimated size: 170

shared
		__initialization		CODE           	002A	0000	12

shared estimated size: 12

mcc_generated_files/mcc.c
		_WDT_Initialize		CODE           	0B50	0000	4
		_OSCILLATOR_Initialize		CODE           	0B7F	0000	7
		_SYSTEM_Initialize		CODE           	0C15	0000	22

mcc_generated_files/mcc.c estimated size: 33

mcc_generated_files/eusart.c
		_EUSART_Write  		CODE           	0B98	0000	10
		_EUSART_Initialize		CODE           	0C84	0000	34
		_EUSART_SetFramingErrorHandler		CODE           	0B66	0000	6
		_EUSART_SetErrorHandler		CODE           	0B60	0000	6
		_EUSART_SetOverrunErrorHandler		CODE           	0B6C	0000	6
		_EUSART_is_tx_ready		CODE           	0BCE	0000	15

mcc_generated_files/eusart.c estimated size: 77

C:\Program Files\Microchip\xc8\v2.40\pic\sources\c99\common\Umul8_16.c
		__Umul8_16     		CODE           	0CA6	0000	35

C:\Program Files\Microchip\xc8\v2.40\pic\sources\c99\common\Umul8_16.c estimated size: 35

main.c
		_miatencionadc 		CODE           	0B44	0000	4
		_miatenciontmr2		CODE           	0B48	0000	4
		_main          		CODE           	0ECC	0000	138

main.c estimated size: 146

